// Jest Snapshot v1, https://goo.gl/fbAQLP

exports[`button unit test snapshot 1`] = `
<button
  className="sc-aXZVg mnGHp"
  data-cy="start"
  onClick={[Function]}
  type="button"
>
  Game Start
</button>
`;
