// Jest Snapshot v1, https://goo.gl/fbAQLP

exports[`square unit test snapshot 1`] = `
<div
  className="sc-beySbM iuPTYZ"
  data-cy="square-1"
/>
`;
